[jumptask.io/index.html]
[backblue.gif]
[fade.gif]
[index.html]
[jumptask.io/_next/static/media/e4af272ccee01ff0-s.p.woff2]
[jumptask.io/_next/static/css/d8d8e1eb0bccfcbd.css]
[jumptask.io/_next/static/chunks/polyfills-42372ed130431b0a.js]
[jumptask.io/_next/static/chunks/webpack-91e4d7af6dfda032.js]
[jumptask.io/_next/static/chunks/framework-6d28727e634f0245.js]
[jumptask.io/_next/static/chunks/main-e60c74981dc104d0.js]
[jumptask.io/_next/static/chunks/pages/index-212a0d26346004fc.js]
[jumptask.io/_next/static/chunks/pages/_app-4b062919ea2c3e24.js]
[jumptask.io/_next/static/VvN5qxhXiv48ZbT-9_bIi/_buildManifest.js]
[jumptask.io/_next/static/VvN5qxhXiv48ZbT-9_bIi/_ssgManifest.js]
[jumptask.io/_next/static/images/googlePlayLogo-86ac71b41fc2687441119e1716734860.svg]
[jumptask.io/index.html]
[jumptask.io/_next/image/index4604.html]
[jumptask.io/_next/image/indexbf49.html]
[jumptask.io/_next/image/indexd56e.html]
[jumptask.io/_next/image/index0838.html]
[jumptask.io/_next/static/media/ba9851c3c22cd980-s.woff2]
[jumptask.io/_next/image/index1902.html]
[jumptask.io/_next/image/index1fed.html]
[jumptask.io/_next/image/index8e60.html]
[jumptask.io/_next/image/indexd43e.html]
[jumptask.io/_next/static/media/21350d82a1f187e9-s.woff2]
[jumptask.io/_next/image/index4579.html]
[jumptask.io/social-media-tasks/index.html]
[jumptask.io/get-paid-play-games/index.html]
[jumptask.io/get-paid-take-surveys/index.html]
[jumptask.io/_next/static/media/c5fe6dc8356a8c31-s.woff2]
[jumptask.io/get-paid-to-train-ai/index.html]
[jumptask.io/get-paid-watch-ads/index.html]
[jumptask.io/sell-internet-data/index.html]
[jumptask.io/get-paid-to-test-products/index.html]
[jumptask.io/_next/static/media/19cfc7226ec3afaa-s.woff2]
[jumptask.io/_next/image/index0c95.html]
[jumptask.io/_next/image/index39be.html]
[jumptask.io/jumptask-microtasks/index.html]
[jumptask.io/get-paid-to-watch-videos/index.html]
[jumptask.io/_next/static/media/df0a9ae256c0569c-s.woff2]
[jumptask.io/_next/image/index3026.html]
[jumptask.io/_next/image/indexe575.html]
[jumptask.io/blog/jumptask-referral-program-launch/index.html]
[jumptask.io/free-money-in-seconds/index.html]
[jumptask.io/_next/static/media/8e9860b6e62d6359-s.woff2]
[jumptask.io/_next/static/css/d8d8e1eb0bccfcbd.css]
[jumptask.io/money-earning-app/index.html]
[jumptask.io/is-jumptask-legit/index.html]
[jumptask.io/_next/static/images/googlePlayLogo-86ac71b41fc2687441119e1716734860.svg]
[jumptask.io/get-paid-to-translate-online/index.html]
[jumptask.io/task-earning-app/index.html]
[jumptask.io/contact-us/index.html]
[jumptask.io/about-us/index.html]
[jumptask.io/get-paid-take-surveys/index.html]
[jumptask.io/_next/static/chunks/pages/[...wordpressNode]-4c200fa20aeff46b.js]
[jumptask.io/blog/index.html]
[jumptask.io/user-agreement/index.html]
[jumptask.io/get-paid-play-games/index.html]
[jumptask.io/privacy-policy/index.html]
[jumptask.io/social-media-tasks/index.html]
[jumptask.io/litepaper/index.html]
[jumptask.io/sell-internet-data/index.html]
[jumptask.io/contact-form/index.html]
[jumptask.io/get-paid-to-test-products/index.html]
[jumptask.io/_next/image/index84f7.html]
[jumptask.io/buy-twitter-followers/index.html]
[jumptask.io/get-paid-to-train-ai/index.html]
[jumptask.io/buy-website-traffic/index.html]
[jumptask.io/get-paid-watch-ads/index.html]
[jumptask.io/buy-youtube-likes/index.html]
[jumptask.io/_next/image/index8887.html]
[jumptask.io/get-paid-to-watch-videos/index.html]
[jumptask.io/jumptask-microtasks/index.html]
[jumptask.io/_next/image/indexd05c.html]
[jumptask.io/blog/best-micro-job-sites/index.html]
[jumptask.io/_next/image/indexac0c.html]
[jumptask.io/blog/jumptask-referral-program-launch/index.html]
[jumptask.io/free-money-in-seconds/index.html]
[jumptask.io/how-does-jumptask-work/index.html]
[jumptask.io/money-earning-app/index.html]
[jumptask.io/get-paid-to-like-twitter-posts/index.html]
[jumptask.io/task-earning-app/index.html]
[jumptask.io/get-paid-to-follow-people-on-twitter/index.html]
[jumptask.io/is-jumptask-legit/index.html]
[jumptask.io/get-paid-to-tweet/index.html]
[jumptask.io/get-paid-to-retweet/index.html]
[jumptask.io/get-paid-to-translate-online/index.html]
[jumptask.io/_next/image/indexe387.html]
[jumptask.io/_next/image/index2daf.html]
[jumptask.io/about-us/index.html]
[jumptask.io/make-money-on-telegram/index.html]
[jumptask.io/join-discord-server-for-money/index.html]
[jumptask.io/get-paid-to-click/index.html]
[jumptask.io/cdn-cgi/l/email-protection]
[jumptask.io/get-paid-to-read-email/index.html]
[jumptask.io/get-paid-to-type/index.html]
[jumptask.io/solve-captcha-for-money/index.html]
[jumptask.io/get-paid-to-search-the-web/index.html]
[jumptask.io/contact-us/index.html]
[jumptask.io/cdn-cgi/scripts/5c5dd728/cloudflare-static/email-decode.min.js]
[jumptask.io/_next/image/index5ded.html]
[jumptask.io/_next/image/index7e94.html]
[jumptask.io/user-agreement/index.html]
[jumptask.io/get-paid-to-download-apps/index.html]
[jumptask.io/privacy-policy/index.html]
[jumptask.io/earn-passive-income/index.html]
[jumptask.io/_next/image/index1a25.html]
[jumptask.io/_next/image/index8edf.html]
[jumptask.io/_next/image/indexd12b.html]
[jumptask.io/blog/index.html]
[jumptask.io/_next/static/chunks/pages/blog-587d86e36fe0e8d2.js]
[jumptask.io/get-paid-to-listen-to-music/index.html]
[jumptask.io/litepaper/index.html]
[jumptask.io/get-paid-to-share-videos/index.html]
[jumptask.io/buy-website-traffic/index.html]
[jumptask.io/_next/image/index4413.html]
[jumptask.io/buy-twitter-followers/index.html]
[jumptask.io/_next/image/indexdd3d.html]
[jumptask.io/_next/image/index9ae4.html]
[jumptask.io/buy-youtube-likes/index.html]
[jumptask.io/_next/image/index217e.html]
[jumptask.io/contact-form/index.html]
[jumptask.io/blog/category/jumptask-updates/index.html]
[jumptask.io/_next/image/indexc90f.html]
[jumptask.io/blog/authors/gintare-rimolaityte/index.html]
[jumptask.io/_next/image/indexcd48.html]
[jumptask.io/testing-websites-for-money/index.html]
[jumptask.io/_next/image/indexe3be.html]
[jumptask.io/blog/black-friday-2025-giveaway-winners/index.html]
[jumptask.io/blog/authors/gabriele-zundaite/index.html]
[jumptask.io/how-does-jumptask-work/index.html]
[jumptask.io/_next/image/index347a.html]
[jumptask.io/blog/black-friday-2025-giveaway-rules/index.html]
[jumptask.io/blog/best-micro-job-sites/index.html]
[jumptask.io/get-paid-to-like-twitter-posts/index.html]
[jumptask.io/_next/image/indexbad3.html]
[jumptask.io/blog/black-friday-2025-announcement/index.html]
[jumptask.io/get-paid-to-follow-people-on-twitter/index.html]
[jumptask.io/get-paid-to-tweet/index.html]
[jumptask.io/_next/image/indexb0a8.html]
[jumptask.io/get-paid-to-retweet/index.html]
[jumptask.io/_next/image/index4b8b.html]
[jumptask.io/join-discord-server-for-money/index.html]
[jumptask.io/_next/image/index1021.html]
[jumptask.io/_next/image/index8b1d.html]
[jumptask.io/make-money-on-telegram/index.html]
[jumptask.io/get-paid-to-click/index.html]
[jumptask.io/_next/image/indexcaa5.html]
[jumptask.io/get-paid-to-type/index.html]
[jumptask.io/_next/image/indexbba3.html]
[jumptask.io/jmpt-token/index.html]
[jumptask.io/get-paid-to-read-email/index.html]
[jumptask.io/_next/image/indexeec7.html]
[jumptask.io/get-paid-to-search-the-web/index.html]
[jumptask.io/_next/image/index507d.html]
[jumptask.io/_next/image/index23f2.html]
[jumptask.io/solve-captcha-for-money/index.html]
[jumptask.io/blog/page/2/index.html]
[jumptask.io/get-paid-to-download-apps/index.html]
[jumptask.io/blog/category/digital-rewards/index.html]
[jumptask.io/earn-passive-income/index.html]
[jumptask.io/blog/category/crypto-abc/index.html]
[jumptask.io/get-paid-to-listen-to-music/index.html]
[jumptask.io/blog/category/freelancing-ideas/index.html]
[jumptask.io/get-paid-to-share-videos/index.html]
[jumptask.io/blog/category/how-to-make-money/index.html]
[jumptask.io/testing-websites-for-money/index.html]
[jumptask.io/blog/category/microtasking/index.html]
[jumptask.io/blog/category/money-earning-apps/index.html]
[jumptask.io/blog/category/play-to-earn-gaming/index.html]
[jumptask.io/_next/image/index8316.html]
[jumptask.io/blog/category/jumptask-updates/index.html]
[jumptask.io/_next/static/chunks/pages/blog/category/[categorySlug]-18610048cc54b5e2.js]
[jumptask.io/blog/category/social-media-monetization/index.html]
[jumptask.io/blog/category/side-hustle-ideas/index.html]
[jumptask.io/blog/category/user-engagement-strategies/index.html]
[jumptask.io/blog/category/survey-earnings/index.html]
[jumptask.io/blog/authors/gintare-rimolaityte/index.html]
[jumptask.io/_next/static/chunks/pages/blog/authors/[authorName]-c118e8983bdc2b14.js]
[jumptask.io/blog/category/user-stories/index.html]
[jumptask.io/_next/image/indexb865.html]
[jumptask.io/blog/black-friday-2025-giveaway-winners/index.html]
[jumptask.io/blog/category/watch-to-earn-guides/index.html]
[jumptask.io/blog/authors/gabriele-zundaite/index.html]
[jumptask.io/_next/image/indexb880.html]
[jumptask.io/blog/black-friday-2025-giveaway-rules/index.html]
[jumptask.io/blog/authors/monika-ivanauskaite/index.html]
[jumptask.io/blog/black-friday-2025-announcement/index.html]
[jumptask.io/blog/how-to-make-money-fast/index.html]
[jumptask.io/blog/guide-to-microtasking/index.html]
[jumptask.io/jmpt-token/index.html]
[jumptask.io/_next/image/indexa4cb.html]
[jumptask.io/blog/gpt-sites/index.html]
[jumptask.io/cdn-cgi/l/email-protection.html]
[jumptask.io/blog/make-money-online-australia/index.html]
[jumptask.io/_next/image/index8015.html]
[jumptask.io/_next/image/indexc19c.html]
[jumptask.io/blog/page/2/index.html]
[jumptask.io/_next/static/chunks/pages/blog/page/[pageNumber]-5e1e5d150c1ab690.js]
[jumptask.io/_next/image/index9977.html]
[jumptask.io/_next/image/index0a21.html]
[jumptask.io/blog/category/crypto-abc/index.html]
[jumptask.io/blog/swagbucks-vs-jumptask/index.html]
[jumptask.io/blog/best-task-websites/index.html]
[jumptask.io/blog/category/digital-rewards/index.html]
[jumptask.io/_next/image/indexba9f.html]
[jumptask.io/_next/image/index9ba0.html]
[jumptask.io/blog/category/freelancing-ideas/index.html]
[jumptask.io/blog/category/how-to-make-money/index.html]
[jumptask.io/blog/how-to-make-money-blogging/index.html]
[jumptask.io/_next/image/index8441.html]
[jumptask.io/blog/category/microtasking/index.html]
[jumptask.io/blog/how-to-make-money-online-for-beginners/index.html]
[jumptask.io/blog/category/money-earning-apps/index.html]
[jumptask.io/blog/jobs-like-amazon-flex/index.html]
[jumptask.io/blog/category/play-to-earn-gaming/index.html]
[jumptask.io/blog/mturk-vs-jumptask/index.html]
[jumptask.io/_next/image/index35ee.html]
[jumptask.io/blog/category/side-hustle-ideas/index.html]
[jumptask.io/_next/image/indexcd5a.html]
[jumptask.io/blog/how-to-make-money-as-a-man/index.html]
[jumptask.io/blog/category/social-media-monetization/index.html]
[jumptask.io/blog/what-is-gpt-site/index.html]
[jumptask.io/blog/category/survey-earnings/index.html]
[jumptask.io/_next/image/indexcfba.html]
[jumptask.io/blog/what-is-jumptask/index.html]
[jumptask.io/blog/category/user-engagement-strategies/index.html]
[jumptask.io/blog/page/3/index.html]
[jumptask.io/blog/category/user-stories/index.html]
[jumptask.io/blog/how-to-make-money-from-home/index.html]
[jumptask.io/blog/category/watch-to-earn-guides/index.html]
[jumptask.io/blog/page/4/index.html]
[jumptask.io/_next/image/index3d99.html]
[jumptask.io/blog/guide-to-microtasking/index.html]
[jumptask.io/blog/page/5/index.html]
[jumptask.io/_next/image/index4f99.html]
[jumptask.io/blog/how-to-make-money-fast/index.html]
[jumptask.io/blog/page/11/index.html]
[jumptask.io/_next/image/indexa92f.html]
[jumptask.io/_next/image/indexc5d1.html]
[jumptask.io/blog/authors/monika-ivanauskaite/index.html]
[jumptask.io/_next/image/index324a.html]
[jumptask.io/blog/gpt-sites/index.html]
[jumptask.io/_next/image/index5756.html]
[jumptask.io/blog/make-money-online-australia/index.html]
[jumptask.io/_next/image/index5412.html]
[jumptask.io/blog/best-task-websites/index.html]
[jumptask.io/_next/image/index5368.html]
[jumptask.io/blog/swagbucks-vs-jumptask/index.html]
[jumptask.io/blog/how-to-earn-money-online-without-investment/index.html]
[jumptask.io/blog/how-to-make-money-blogging/index.html]
[jumptask.io/blog/how-to-make-money-online/index.html]
[jumptask.io/blog/how-to-become-freelancer/index.html]
[jumptask.io/blog/how-to-make-money-online-for-beginners/index.html]
[jumptask.io/blog/apps-like-clickworker/index.html]
[jumptask.io/blog/jobs-like-amazon-flex/index.html]
[jumptask.io/_next/image/indexfb04.html]
[jumptask.io/blog/get-paid-to-write/index.html]
[jumptask.io/blog/mturk-vs-jumptask/index.html]
[jumptask.io/_next/image/index7bc6.html]
[jumptask.io/_next/image/index81d1.html]
[jumptask.io/blog/how-to-make-money-as-a-man/index.html]
[jumptask.io/blog/what-is-gpt-site/index.html]
[jumptask.io/reviews/index.html]
[jumptask.io/blog/how-to-make-money-from-home/index.html]
[jumptask.io/_next/image/index830e.html]
[jumptask.io/blog/jumptask-new-partner-valora/index.html]
[jumptask.io/blog/what-is-jumptask/index.html]
[jumptask.io/blog/jumptoken-celo-polygon/index.html]
[jumptask.io/blog/page/3/index.html]
[jumptask.io/blog/2023-january-monthly-report/index.html]
[jumptask.io/blog/2023-february-monthly-report/index.html]
[jumptask.io/blog/page/4/index.html]
[jumptask.io/blog/guide-to-jumptask/index.html]
[jumptask.io/blog/page/5/index.html]
[jumptask.io/blog/introducing-jumptoken/index.html]
[jumptask.io/blog/page/11/index.html]
[jumptask.io/blog/jumptask-2022-winter-quests/index.html]
[jumptask.io/_next/image/index0f4c.html]
[jumptask.io/blog/how-to-earn-money-online-without-investment/index.html]
[jumptask.io/_next/image/index1820.html]
[jumptask.io/blog/how-to-make-money-online/index.html]
[jumptask.io/_next/image/indexea89.html]
[jumptask.io/blog/how-to-become-freelancer/index.html]
[jumptask.io/blog/ivan-success-story/index.html]
[jumptask.io/blog/apps-like-clickworker/index.html]
[jumptask.io/blog/narayana-success-story/index.html]
[jumptask.io/_next/image/index568f.html]
[jumptask.io/blog/get-paid-to-write/index.html]
[jumptask.io/blog/himal-success-story/index.html]
[jumptask.io/_next/image/index9fb9.html]
[jumptask.io/_next/image/index7bfd.html]
[jumptask.io/blog/authors/adomas-ronkaitis/index.html]
[jumptask.io/blog/authors/gabriele-zundaite/page/2/index.html]
[jumptask.io/_next/image/index52bb.html]
[jumptask.io/blog/how-to-make-money-as-a-teen/index.html]
[jumptask.io/blog/how-to-make-money-in-one-hour/index.html]
[jumptask.io/blog/how-to-make-money-with-cryptocurrency/index.html]
[jumptask.io/_next/image/index06da.html]
[jumptask.io/blog/online-earning-in-pakistan/index.html]
[jumptask.io/blog/digital-marketing-side-hustle/index.html]
[jumptask.io/_next/image/index97d0.html]
[jumptask.io/blog/authors/gabriele-zundaite/page/3/index.html]
[jumptask.io/blog/authors/gabriele-zundaite/page/4/index.html]
[jumptask.io/blog/how-to-earn-money-with-jumptask/index.html]
[jumptask.io/blog/how-to-make-money-on-x/index.html]
[jumptask.io/_next/image/index9c82.html]
[jumptask.io/blog/how-to-make-money-without-a-job/index.html]
[jumptask.io/_next/image/index4bc9.html]
[jumptask.io/blog/how-to-make-money-fast-as-a-woman/index.html]
[jumptask.io/_next/image/index9fa1.html]
[jumptask.io/blog/how-to-make-money-on-upwork/index.html]
[jumptask.io/blog/get-paid-to-give-advice/index.html]
[jumptask.io/blog/what-are-crypto-faucets/index.html]
[jumptask.io/_next/image/index221b.html]
[jumptask.io/blog/how-invest-in-defi/index.html]
[jumptask.io/reviews/index.html]
[jumptask.io/blog/best-crypto-podcasts/index.html]
[jumptask.io/blog/jumptask-new-partner-valora/index.html]
[jumptask.io/blog/crypto-wallet-security/index.html]
[jumptask.io/blog/jumptoken-celo-polygon/index.html]
[jumptask.io/_next/image/index2925.html]
[jumptask.io/blog/2023-february-monthly-report/index.html]
[jumptask.io/blog/crypto-bear-market/index.html]
[jumptask.io/blog/2023-january-monthly-report/index.html]
[jumptask.io/blog/crypto-influencers/index.html]
[jumptask.io/blog/guide-to-jumptask/index.html]
[jumptask.io/blog/crypto-passive-income/index.html]
[jumptask.io/blog/introducing-jumptoken/index.html]
[jumptask.io/blog/monopoly-go-free-dice-code/index.html]
[jumptask.io/blog/jumptask-2022-winter-quests/index.html]
[jumptask.io/_next/image/index950d.html]
[jumptask.io/blog/free-amazon-gift-card/index.html]
[jumptask.io/blog/ivan-success-story/index.html]
[jumptask.io/_next/image/indexe68d.html]
[jumptask.io/blog/narayana-success-story/index.html]
[jumptask.io/blog/himal-success-story/index.html]
[jumptask.io/blog/category/freelancing-ideas/page/2/index.html]
[jumptask.io/blog/authors/adomas-ronkaitis/index.html]
[jumptask.io/blog/how-to-live-without-a-job/index.html]
[jumptask.io/_next/image/indexbf09.html]
[jumptask.io/_next/image/index926e.html]
[jumptask.io/_next/image/indexbdf2.html]
[jumptask.io/blog/authors/gabriele-zundaite/page/2/index.html]
[jumptask.io/_next/static/chunks/pages/blog/authors/[authorName]/page/[pageNumber]-a3fc328f9850ccc8.js]
[jumptask.io/_next/image/index82c5.html]
[jumptask.io/_next/image/index1c59.html]
[jumptask.io/blog/how-to-make-money-as-a-teen/index.html]
[jumptask.io/blog/summer-jobs-for-college-students/index.html]
[jumptask.io/blog/how-to-make-money-in-one-hour/index.html]
[jumptask.io/_next/image/index422d.html]
[jumptask.io/blog/how-to-make-money-with-cryptocurrency/index.html]
[jumptask.io/blog/online-proofreading-jobs/index.html]
[jumptask.io/blog/digital-marketing-side-hustle/index.html]
[jumptask.io/blog/get-paid-to-learn-code/index.html]
[jumptask.io/blog/online-earning-in-pakistan/index.html]
[jumptask.io/blog/get-paid-amazon-reviews/index.html]
[jumptask.io/blog/authors/gabriele-zundaite/page/3/index.html]
[jumptask.io/blog/highest-paying-part-time-jobs/index.html]
[jumptask.io/blog/authors/gabriele-zundaite/page/4/index.html]
[jumptask.io/blog/low-stress-jobs/index.html]
[jumptask.io/blog/how-to-earn-money-with-jumptask/index.html]
[jumptask.io/blog/how-to-make-money-selling-pictures/index.html]
[jumptask.io/blog/how-to-make-money-on-x/index.html]
[jumptask.io/_next/image/index8478.html]
[jumptask.io/blog/how-to-get-a-job-with-no-experience/index.html]
[jumptask.io/blog/how-to-make-money-without-a-job/index.html]
[jumptask.io/blog/jobs-that-help-people/index.html]
[jumptask.io/blog/how-to-make-money-fast-as-a-woman/index.html]
[jumptask.io/blog/category/how-to-make-money/page/2/index.html]
[jumptask.io/blog/how-to-make-money-on-upwork/index.html]
[jumptask.io/blog/category/microtasking/page/2/index.html]
[jumptask.io/blog/get-paid-to-give-advice/index.html]
[jumptask.io/blog/jobs-for-high-school-students/index.html]
[jumptask.io/blog/what-are-crypto-faucets/index.html]
[jumptask.io/blog/how-to-make-money-online-as-a-kid/index.html]
[jumptask.io/blog/how-invest-in-defi/index.html]
[jumptask.io/blog/sites-like-mturk/index.html]
[jumptask.io/blog/best-crypto-podcasts/index.html]
[jumptask.io/blog/sites-like-freecash/index.html]
[jumptask.io/blog/crypto-wallet-security/index.html]
[jumptask.io/blog/best-referral-programs/index.html]
[jumptask.io/blog/get-paid-to-workout/index.html]
[jumptask.io/blog/crypto-bear-market/index.html]
[jumptask.io/_next/image/indexffe4.html]
[jumptask.io/blog/make-money-from-your-phone/index.html]
[jumptask.io/blog/crypto-passive-income/index.html]
[jumptask.io/blog/crypto-influencers/index.html]
[jumptask.io/blog/get-paid-to-answer-questions/index.html]
[jumptask.io/blog/apps-i-can-sell-stuff-on/index.html]
[jumptask.io/blog/monopoly-go-free-dice-code/index.html]
[jumptask.io/_next/image/indexf0e3.html]
[jumptask.io/blog/category/side-hustle-ideas/page/2/index.html]
[jumptask.io/blog/games-that-pay-real-money/index.html]
[jumptask.io/blog/free-amazon-gift-card/index.html]
[jumptask.io/_next/image/indexcafd.html]
[jumptask.io/blog/how-to-earn-passive-income/index.html]
[jumptask.io/blog/recession-proof-side-hustles/index.html]
[jumptask.io/blog/category/freelancing-ideas/page/2/index.html]
[jumptask.io/_next/static/chunks/pages/blog/category/[categorySlug]/page/[pageNumber]-1c2bcca2be9e50d1.js]
[jumptask.io/_next/image/index080d.html]
[jumptask.io/blog/how-to-live-without-a-job/index.html]
[jumptask.io/blog/summer-side-hustles/index.html]
[jumptask.io/blog/summer-jobs-for-college-students/index.html]
[jumptask.io/blog/driving-apps-to-make-money/index.html]
[jumptask.io/blog/get-paid-to-learn-code/index.html]
[jumptask.io/blog/side-hustle-ideas-from-home/index.html]
[jumptask.io/blog/what-to-do-when-you-are-bored/index.html]
[jumptask.io/blog/online-proofreading-jobs/index.html]
[jumptask.io/blog/digital-products-to-sell/index.html]
[jumptask.io/_next/image/index83b3.html]
[jumptask.io/blog/get-paid-amazon-reviews/index.html]
[jumptask.io/blog/highest-paying-part-time-jobs/index.html]
[jumptask.io/blog/graphic-design-side-hustle/index.html]
[jumptask.io/blog/paid-research-studies/index.html]
[jumptask.io/blog/how-to-make-money-selling-pictures/index.html]
[jumptask.io/blog/hobbies-that-make-money/index.html]
[jumptask.io/blog/low-stress-jobs/index.html]
[jumptask.io/blog/get-paid-to-travel/index.html]
[jumptask.io/blog/jobs-that-help-people/index.html]
[jumptask.io/blog/make-money-with-google-maps/index.html]
[jumptask.io/blog/how-to-get-a-job-with-no-experience/index.html]
[jumptask.io/blog/how-to-make-money-on-reddit/index.html]
[jumptask.io/blog/how-to-make-money-on-twitch/index.html]
[jumptask.io/blog/jobs-for-high-school-students/index.html]
[jumptask.io/blog/how-to-make-money-on-pinterest/index.html]
[jumptask.io/_next/image/index16b6.html]
[jumptask.io/blog/category/how-to-make-money/page/2/index.html]
[jumptask.io/blog/how-to-make-money-on-onlyfans/index.html]
[jumptask.io/blog/how-to-make-money-online-as-a-kid/index.html]
[jumptask.io/blog/how-to-make-money-on-youtube/index.html]
[jumptask.io/blog/category/microtasking/page/2/index.html]
[jumptask.io/blog/how-to-make-money-on-snapchat/index.html]
[jumptask.io/blog/sites-like-mturk/index.html]
[jumptask.io/blog/how-to-make-money-on-facebook/index.html]
[jumptask.io/blog/sites-like-freecash/index.html]
[jumptask.io/blog/how-to-make-money-on-instagram/index.html]
[jumptask.io/blog/best-referral-programs/index.html]
[jumptask.io/blog/how-to-make-money-on-tiktok/index.html]
[jumptask.io/blog/get-paid-to-workout/index.html]
[jumptask.io/blog/surveys-that-pay-instantly/index.html]
[jumptask.io/blog/make-money-from-your-phone/index.html]
[jumptask.io/blog/online-business-ideas/index.html]
[jumptask.io/blog/get-paid-to-answer-questions/index.html]
[jumptask.io/blog/how-to-increase-social-media-engagement/index.html]
[jumptask.io/blog/get-paid-watch-movies/index.html]
[jumptask.io/_next/image/indexa11a.html]
[jumptask.io/blog/apps-i-can-sell-stuff-on/index.html]
[jumptask.io/blog/get-paid-to-watch-christmas-movies/index.html]
[jumptask.io/blog/games-that-pay-real-money/index.html]
[jumptask.io/_next/image/indexa200.html]
[jumptask.io/blog/category/side-hustle-ideas/page/2/index.html]
[jumptask.io/blog/how-to-become-a-product-tester/index.html]
[jumptask.io/blog/how-to-earn-passive-income/index.html]
[jumptask.io/blog/apps-like-swagbucks/index.html]
[jumptask.io/blog/get-paid-watch-netflix/index.html]
[jumptask.io/blog/recession-proof-side-hustles/index.html]
[jumptask.io/blog/secret-websites-to-make-money/index.html]
[jumptask.io/blog/summer-side-hustles/index.html]
[jumptask.io/blog/weird-ways-to-make-money-as-a-guy/index.html]
[jumptask.io/blog/driving-apps-to-make-money/index.html]
[jumptask.io/blog/get-paid-to-nap/index.html]
[jumptask.io/blog/affiliate-marketing-side-hustle/index.html]
[jumptask.io/blog/side-hustle-ideas-from-home/index.html]
[jumptask.io/_next/image/index28b8.html]
[jumptask.io/blog/what-to-do-when-you-are-bored/index.html]
[jumptask.io/blog/get-paid-to-eat/index.html]
[jumptask.io/blog/get-paid-to-learn/index.html]
[jumptask.io/blog/digital-products-to-sell/index.html]
[jumptask.io/blog/get-paid-to-walk/index.html]
[jumptask.io/blog/graphic-design-side-hustle/index.html]
[jumptask.io/blog/authors/monika-ivanauskaite/page/2/index.html]
[jumptask.io/blog/authors/monika-ivanauskaite/page/3/index.html]
[jumptask.io/blog/paid-research-studies/index.html]
[jumptask.io/blog/authors/monika-ivanauskaite/page/4/index.html]
[jumptask.io/blog/hobbies-that-make-money/index.html]
[jumptask.io/blog/authors/monika-ivanauskaite/page/5/index.html]
[jumptask.io/blog/get-paid-to-travel/index.html]
[jumptask.io/blog/authors/monika-ivanauskaite/page/6/index.html]
[jumptask.io/blog/how-to-make-money-on-reddit/index.html]
[jumptask.io/blog/get-paid-listen-music/index.html]
[jumptask.io/_next/image/indexf00a.html]
[jumptask.io/blog/make-money-with-google-maps/index.html]
[jumptask.io/_next/image/index9008.html]
[jumptask.io/blog/how-to-make-money-as-a-stay-at-home-mom/index.html]
[jumptask.io/_next/image/index0f4c-2.html]
[jumptask.io/blog/how-to-make-money-on-twitch/index.html]
[jumptask.io/_next/image/index0199.html]
[jumptask.io/_next/image/index81cd.html]
[jumptask.io/_next/image/index7b69.html]
[jumptask.io/_next/image/index1116.html]
[jumptask.io/blog/how-to-make-money-on-pinterest/index.html]
[jumptask.io/_next/image/indexb291.html]
[jumptask.io/_next/image/index6eb1.html]
[jumptask.io/blog/how-to-make-money-on-onlyfans/index.html]
[jumptask.io/blog/how-to-make-money-on-youtube/index.html]
[jumptask.io/_next/image/index7755.html]
[jumptask.io/blog/make-money-online-uk/index.html]
[jumptask.io/blog/how-to-make-money-on-snapchat/index.html]
[jumptask.io/blog/how-to-make-money-on-facebook/index.html]
[jumptask.io/blog/how-to-make-money-online-canada/index.html]
[jumptask.io/_next/image/index6a87.html]
[jumptask.io/blog/how-to-make-money-online-in-india/index.html]
[jumptask.io/_next/image/indexcdd8.html]
[jumptask.io/blog/how-to-make-money-on-instagram/index.html]
[jumptask.io/_next/image/index01ad.html]
[jumptask.io/_next/image/indexe583.html]
[jumptask.io/blog/how-to-make-money-on-tiktok/index.html]
[jumptask.io/_next/image/index0701.html]
[jumptask.io/_next/image/index657c.html]
[jumptask.io/blog/surveys-that-pay-instantly/index.html]
[jumptask.io/_next/image/indexd8c2.html]
[jumptask.io/_next/image/indexd092.html]
[jumptask.io/blog/online-business-ideas/index.html]
[jumptask.io/blog/how-to-increase-social-media-engagement/index.html]
[jumptask.io/_next/image/index2cc2.html]
[jumptask.io/blog/get-paid-watch-movies/index.html]
[jumptask.io/_next/image/indexf9ef.html]
[jumptask.io/_next/image/index35aa.html]
[jumptask.io/blog/get-paid-to-watch-christmas-movies/index.html]
[jumptask.io/blog/get-paid-to-write-reviews/index.html]
[jumptask.io/blog/get-paid-watch-netflix/index.html]
[jumptask.io/_next/image/indexc0cc.html]
[jumptask.io/blog/get-paid-to-write-letters/index.html]
[jumptask.io/blog/how-to-become-a-product-tester/index.html]
[jumptask.io/_next/image/index5373.html]
[jumptask.io/blog/how-to-become-a-virtual-assistant/index.html]
[jumptask.io/blog/apps-like-swagbucks/index.html]
[jumptask.io/_next/image/index55ef.html]
[jumptask.io/_next/image/indexe771.html]
[jumptask.io/blog/secret-websites-to-make-money/index.html]
[jumptask.io/blog/weird-ways-to-make-money-as-a-guy/index.html]
[jumptask.io/blog/page/10/index.html]
[jumptask.io/blog/page/6/index.html]
[jumptask.io/blog/get-paid-to-nap/index.html]
[jumptask.io/_next/image/index3736.html]
[jumptask.io/blog/affiliate-marketing-side-hustle/index.html]
[jumptask.io/blog/best-jobs-for-college-students/index.html]
[jumptask.io/blog/jobs-for-introverts/index.html]
[jumptask.io/blog/get-paid-to-eat/index.html]
[jumptask.io/_next/image/indexfe63.html]
[jumptask.io/blog/get-paid-to-learn/index.html]
[jumptask.io/_next/image/indexff8f.html]
[jumptask.io/_next/image/index6c4f.html]
[jumptask.io/blog/high-income-skills/index.html]
[jumptask.io/_next/image/index09af.html]
[jumptask.io/blog/get-paid-to-walk/index.html]
[jumptask.io/blog/authors/monika-ivanauskaite/page/2/index.html]
[jumptask.io/_next/image/indexd00b.html]
[jumptask.io/_next/image/index9964.html]
[jumptask.io/_next/image/index37a0.html]
[jumptask.io/blog/authors/monika-ivanauskaite/page/3/index.html]
[jumptask.io/_next/image/indexcf20.html]
[jumptask.io/_next/image/indexd381.html]
[jumptask.io/blog/authors/monika-ivanauskaite/page/4/index.html]
[jumptask.io/blog/authors/monika-ivanauskaite/page/5/index.html]
[jumptask.io/_next/image/indexb734.html]
[jumptask.io/_next/image/index9447.html]
[jumptask.io/_next/image/index9806.html]
[jumptask.io/blog/authors/monika-ivanauskaite/page/6/index.html]
[jumptask.io/_next/image/indexfac8.html]
[jumptask.io/_next/image/indexad96.html]
[jumptask.io/blog/get-paid-listen-music/index.html]
[jumptask.io/_next/image/index62be.html]
[jumptask.io/_next/image/index3d9d.html]
[jumptask.io/_next/image/index66c4.html]
[jumptask.io/blog/how-to-make-money-as-a-stay-at-home-mom/index.html]
[jumptask.io/blog/make-money-online-uk/index.html]
[jumptask.io/_next/image/index3cfc.html]
[jumptask.io/blog/how-to-make-money-online-canada/index.html]
[jumptask.io/_next/image/index1217.html]
[jumptask.io/_next/image/index28fa.html]
[jumptask.io/blog/how-to-make-money-online-in-india/index.html]
[jumptask.io/blog/sites-like-swagbucks/index.html]
[jumptask.io/blog/online-jobs-for-teens/index.html]
[jumptask.io/_next/image/indexba5e.html]
[jumptask.io/blog/get-paid-to-write-reviews/index.html]
[jumptask.io/_next/image/index0472.html]
[jumptask.io/_next/image/index4160.html]
[jumptask.io/_next/image/index79f8.html]
[jumptask.io/blog/get-paid-to-write-letters/index.html]
[jumptask.io/_next/image/indexd3b4.html]
[jumptask.io/blog/how-to-become-a-virtual-assistant/index.html]
[jumptask.io/blog/page/6/index.html]
[jumptask.io/blog/get-paid-to-read-books/index.html]
[jumptask.io/blog/page/10/index.html]
[jumptask.io/earn-crypto-online/index.html]
[jumptask.io/blog/best-jobs-for-college-students/index.html]
[jumptask.io/blog/jobs-for-introverts/index.html]
[jumptask.io/blog/dropshipping-side-hustle/index.html]
[jumptask.io/blog/high-income-skills/index.html]
[jumptask.io/_next/image/indexe8c7.html]
[jumptask.io/become-a-partner/index.html]
[jumptask.io/_next/image/index0491.html]
[jumptask.io/_next/image/index5d97.html]
[jumptask.io/_next/image/indexa3f6.html]
[jumptask.io/contact-form/index5b77.html]
[jumptask.io/contact-form/indexf2bc.html]
[jumptask.io/_next/image/indexc2cb.html]
[jumptask.io/_next/image/indexa3aa.html]
[jumptask.io/_next/image/index7311.html]
[jumptask.io/blog/page/7/index.html]
[jumptask.io/blog/page/9/index.html]
[jumptask.io/_next/image/indexf7f6.html]
[jumptask.io/blog/online-jobs-for-teens/index.html]
[jumptask.io/_next/image/index1980.html]
[jumptask.io/earn-crypto-online/index.html]
[jumptask.io/blog/get-paid-to-read-books/index.html]
[jumptask.io/blog/how-to-become-a-paid-product-tester/index.html]
[jumptask.io/blog/dropshipping-side-hustle/index.html]
[jumptask.io/become-a-partner/index.html]
[jumptask.io/blog/how-to-make-money-on-twitter/index.html]
[jumptask.io/contact-form/index5b77.html]
[jumptask.io/contact-form/indexf2bc.html]
[jumptask.io/blog/page/7/index.html]
[jumptask.io/blog/page/9/index.html]
[jumptask.io/_next/image/index7590.html]
[jumptask.io/blog/page/8/index.html]
[jumptask.io/blog/page/8/index.html]
